Archive member included because of file (symbol)

d:/amit_course/masters/drive/sdk_win_64/winavr/bin/../lib/gcc/avr/4.3.3/avr5\libgcc.a(_mulsi3.o)
                              ./App/main.o (__mulsi3)
d:/amit_course/masters/drive/sdk_win_64/winavr/bin/../lib/gcc/avr/4.3.3/avr5\libgcc.a(_divmodhi4.o)
                              ./HAL/SevSeg/SevSeg_prog.o (__divmodhi4)
d:/amit_course/masters/drive/sdk_win_64/winavr/bin/../lib/gcc/avr/4.3.3/avr5\libgcc.a(_udivmodsi4.o)
                              ./HAL/LCD/LCD_prog.o (__udivmodsi4)
d:/amit_course/masters/drive/sdk_win_64/winavr/bin/../lib/gcc/avr/4.3.3/avr5\libgcc.a(_divmodsi4.o)
                              ./HAL/LCD/LCD_prog.o (__divmodsi4)
d:/amit_course/masters/drive/sdk_win_64/winavr/bin/../lib/gcc/avr/4.3.3/avr5\libgcc.a(_exit.o)
                              d:/amit_course/masters/drive/sdk_win_64/winavr/bin/../lib/gcc/avr/4.3.3/../../../../avr/lib/avr5/crtm32.o (exit)
d:/amit_course/masters/drive/sdk_win_64/winavr/bin/../lib/gcc/avr/4.3.3/avr5\libgcc.a(_copy_data.o)
                              ./MCAL/EXTI/EXTI_config.o (__do_copy_data)
d:/amit_course/masters/drive/sdk_win_64/winavr/bin/../lib/gcc/avr/4.3.3/avr5\libgcc.a(_clear_bss.o)
                              ./HAL/LD/LD_config.o (__do_clear_bss)
d:/amit_course/masters/drive/sdk_win_64/winavr/bin/../lib/gcc/avr/4.3.3/avr5\libgcc.a(_fixunssfsi.o)
                              ./HAL/LCD/LCD_prog.o (__fixunssfsi)
d:/amit_course/masters/drive/sdk_win_64/winavr/bin/../lib/gcc/avr/4.3.3/avr5\libgcc.a(_addsub_sf.o)
                              ./HAL/LCD/LCD_prog.o (__subsf3)
d:/amit_course/masters/drive/sdk_win_64/winavr/bin/../lib/gcc/avr/4.3.3/avr5\libgcc.a(_mul_sf.o)
                              ./HAL/LCD/LCD_prog.o (__mulsf3)
d:/amit_course/masters/drive/sdk_win_64/winavr/bin/../lib/gcc/avr/4.3.3/avr5\libgcc.a(_gt_sf.o)
                              ./HAL/LCD/LCD_prog.o (__gtsf2)
d:/amit_course/masters/drive/sdk_win_64/winavr/bin/../lib/gcc/avr/4.3.3/avr5\libgcc.a(_ge_sf.o)
                              d:/amit_course/masters/drive/sdk_win_64/winavr/bin/../lib/gcc/avr/4.3.3/avr5\libgcc.a(_fixunssfsi.o) (__gesf2)
d:/amit_course/masters/drive/sdk_win_64/winavr/bin/../lib/gcc/avr/4.3.3/avr5\libgcc.a(_lt_sf.o)
                              ./HAL/LCD/LCD_prog.o (__ltsf2)
d:/amit_course/masters/drive/sdk_win_64/winavr/bin/../lib/gcc/avr/4.3.3/avr5\libgcc.a(_sf_to_si.o)
                              d:/amit_course/masters/drive/sdk_win_64/winavr/bin/../lib/gcc/avr/4.3.3/avr5\libgcc.a(_fixunssfsi.o) (__fixsfsi)
d:/amit_course/masters/drive/sdk_win_64/winavr/bin/../lib/gcc/avr/4.3.3/avr5\libgcc.a(_thenan_sf.o)
                              d:/amit_course/masters/drive/sdk_win_64/winavr/bin/../lib/gcc/avr/4.3.3/avr5\libgcc.a(_addsub_sf.o) (__thenan_sf)
d:/amit_course/masters/drive/sdk_win_64/winavr/bin/../lib/gcc/avr/4.3.3/avr5\libgcc.a(_usi_to_sf.o)
                              ./HAL/LCD/LCD_prog.o (__floatunsisf)
d:/amit_course/masters/drive/sdk_win_64/winavr/bin/../lib/gcc/avr/4.3.3/avr5\libgcc.a(_udivmodhi4.o)
                              d:/amit_course/masters/drive/sdk_win_64/winavr/bin/../lib/gcc/avr/4.3.3/avr5\libgcc.a(_divmodhi4.o) (__udivmodhi4)
d:/amit_course/masters/drive/sdk_win_64/winavr/bin/../lib/gcc/avr/4.3.3/avr5\libgcc.a(_prologue.o)
                              d:/amit_course/masters/drive/sdk_win_64/winavr/bin/../lib/gcc/avr/4.3.3/avr5\libgcc.a(_addsub_sf.o) (__prologue_saves__)
d:/amit_course/masters/drive/sdk_win_64/winavr/bin/../lib/gcc/avr/4.3.3/avr5\libgcc.a(_epilogue.o)
                              d:/amit_course/masters/drive/sdk_win_64/winavr/bin/../lib/gcc/avr/4.3.3/avr5\libgcc.a(_addsub_sf.o) (__epilogue_restores__)
d:/amit_course/masters/drive/sdk_win_64/winavr/bin/../lib/gcc/avr/4.3.3/avr5\libgcc.a(_clzsi2.o)
                              d:/amit_course/masters/drive/sdk_win_64/winavr/bin/../lib/gcc/avr/4.3.3/avr5\libgcc.a(_usi_to_sf.o) (__clzsi2)
d:/amit_course/masters/drive/sdk_win_64/winavr/bin/../lib/gcc/avr/4.3.3/avr5\libgcc.a(_pack_sf.o)
                              d:/amit_course/masters/drive/sdk_win_64/winavr/bin/../lib/gcc/avr/4.3.3/avr5\libgcc.a(_addsub_sf.o) (__pack_f)
d:/amit_course/masters/drive/sdk_win_64/winavr/bin/../lib/gcc/avr/4.3.3/avr5\libgcc.a(_unpack_sf.o)
                              d:/amit_course/masters/drive/sdk_win_64/winavr/bin/../lib/gcc/avr/4.3.3/avr5\libgcc.a(_addsub_sf.o) (__unpack_f)
d:/amit_course/masters/drive/sdk_win_64/winavr/bin/../lib/gcc/avr/4.3.3/avr5\libgcc.a(_fpcmp_parts_sf.o)
                              d:/amit_course/masters/drive/sdk_win_64/winavr/bin/../lib/gcc/avr/4.3.3/avr5\libgcc.a(_gt_sf.o) (__fpcmp_parts_f)
d:/amit_course/masters/drive/sdk_win_64/winavr/bin/../lib/gcc/avr/4.3.3/avr5\libgcc.a(_clz.o)
                              d:/amit_course/masters/drive/sdk_win_64/winavr/bin/../lib/gcc/avr/4.3.3/avr5\libgcc.a(_clzsi2.o) (__clz_tab)

Memory Configuration

Name             Origin             Length             Attributes
text             0x00000000         0x00020000         xr
data             0x00800060         0x0000ffa0         rw !x
eeprom           0x00810000         0x00010000         rw !x
fuse             0x00820000         0x00000400         rw !x
lock             0x00830000         0x00000400         rw !x
signature        0x00840000         0x00000400         rw !x
*default*        0x00000000         0xffffffff

Linker script and memory map

LOAD d:/amit_course/masters/drive/sdk_win_64/winavr/bin/../lib/gcc/avr/4.3.3/../../../../avr/lib/avr5/crtm32.o
LOAD ./MCAL/GIE/GIE_prog.o
LOAD ./MCAL/EXTI/EXTI_config.o
LOAD ./MCAL/EXTI/EXTI_prog.o
LOAD ./MCAL/DIO/DIO_prog.o
LOAD ./HAL/Switch/Switch_config.o
LOAD ./HAL/Switch/Switch_prog.o
LOAD ./HAL/SevSeg/SevSeg_config.o
LOAD ./HAL/SevSeg/SevSeg_prog.o
LOAD ./HAL/LD/LD_config.o
LOAD ./HAL/LD/LD_prog.o
LOAD ./HAL/LCD/LCD_prog.o
LOAD ./HAL/Keypad/Keypad_config.o
LOAD ./HAL/Keypad/Keypad_prog.o
LOAD ./App/bassem.o
LOAD ./App/main.o
LOAD ./.metadata/.plugins/org.eclipse.cdt.make.core/specs.o
LOAD d:/amit_course/masters/drive/sdk_win_64/winavr/bin/../lib/gcc/avr/4.3.3/avr5\libgcc.a
LOAD d:/amit_course/masters/drive/sdk_win_64/winavr/bin/../lib/gcc/avr/4.3.3/../../../../avr/lib/avr5\libc.a
LOAD d:/amit_course/masters/drive/sdk_win_64/winavr/bin/../lib/gcc/avr/4.3.3/avr5\libgcc.a

.hash
 *(.hash)

.dynsym
 *(.dynsym)

.dynstr
 *(.dynstr)

.gnu.version
 *(.gnu.version)

.gnu.version_d
 *(.gnu.version_d)

.gnu.version_r
 *(.gnu.version_r)

.rel.init
 *(.rel.init)

.rela.init
 *(.rela.init)

.rel.text
 *(.rel.text)
 *(.rel.text.*)
 *(.rel.gnu.linkonce.t*)

.rela.text
 *(.rela.text)
 *(.rela.text.*)
 *(.rela.gnu.linkonce.t*)

.rel.fini
 *(.rel.fini)

.rela.fini
 *(.rela.fini)

.rel.rodata
 *(.rel.rodata)
 *(.rel.rodata.*)
 *(.rel.gnu.linkonce.r*)

.rela.rodata
 *(.rela.rodata)
 *(.rela.rodata.*)
 *(.rela.gnu.linkonce.r*)

.rel.data
 *(.rel.data)
 *(.rel.data.*)
 *(.rel.gnu.linkonce.d*)

.rela.data
 *(.rela.data)
 *(.rela.data.*)
 *(.rela.gnu.linkonce.d*)

.rel.ctors
 *(.rel.ctors)

.rela.ctors
 *(.rela.ctors)

.rel.dtors
 *(.rel.dtors)

.rela.dtors
 *(.rela.dtors)

.rel.got
 *(.rel.got)

.rela.got
 *(.rela.got)

.rel.bss
 *(.rel.bss)

.rela.bss
 *(.rela.bss)

.rel.plt
 *(.rel.plt)

.rela.plt
 *(.rela.plt)

.text           0x00000000     0x4614
 *(.vectors)
 .vectors       0x00000000       0x54 d:/amit_course/masters/drive/sdk_win_64/winavr/bin/../lib/gcc/avr/4.3.3/../../../../avr/lib/avr5/crtm32.o
                0x00000000                __vectors
                0x00000000                __vector_default
 *(.vectors)
 *(.progmem.gcc*)
 *(.progmem*)
                0x00000054                . = ALIGN (0x2)
                0x00000054                __trampolines_start = .
 *(.trampolines)
 .trampolines   0x00000054        0x0 linker stubs
 *(.trampolines*)
                0x00000054                __trampolines_end = .
 *(.jumptables)
 *(.jumptables*)
 *(.lowtext)
 *(.lowtext*)
                0x00000054                __ctors_start = .
 *(.ctors)
                0x00000054                __ctors_end = .
                0x00000054                __dtors_start = .
 *(.dtors)
                0x00000054                __dtors_end = .
 SORT(*)(.ctors)
 SORT(*)(.dtors)
 *(.init0)
 .init0         0x00000054        0x0 d:/amit_course/masters/drive/sdk_win_64/winavr/bin/../lib/gcc/avr/4.3.3/../../../../avr/lib/avr5/crtm32.o
                0x00000054                __init
 *(.init0)
 *(.init1)
 *(.init1)
 *(.init2)
 .init2         0x00000054        0xc d:/amit_course/masters/drive/sdk_win_64/winavr/bin/../lib/gcc/avr/4.3.3/../../../../avr/lib/avr5/crtm32.o
 *(.init2)
 *(.init3)
 *(.init3)
 *(.init4)
 .init4         0x00000060       0x16 d:/amit_course/masters/drive/sdk_win_64/winavr/bin/../lib/gcc/avr/4.3.3/avr5\libgcc.a(_copy_data.o)
                0x00000060                __do_copy_data
 .init4         0x00000076       0x10 d:/amit_course/masters/drive/sdk_win_64/winavr/bin/../lib/gcc/avr/4.3.3/avr5\libgcc.a(_clear_bss.o)
                0x00000076                __do_clear_bss
 *(.init4)
 *(.init5)
 *(.init5)
 *(.init6)
 *(.init6)
 *(.init7)
 *(.init7)
 *(.init8)
 *(.init8)
 *(.init9)
 .init9         0x00000086        0x8 d:/amit_course/masters/drive/sdk_win_64/winavr/bin/../lib/gcc/avr/4.3.3/../../../../avr/lib/avr5/crtm32.o
 *(.init9)
 *(.text)
 .text          0x0000008e        0x4 d:/amit_course/masters/drive/sdk_win_64/winavr/bin/../lib/gcc/avr/4.3.3/../../../../avr/lib/avr5/crtm32.o
                0x0000008e                __vector_12
                0x0000008e                __bad_interrupt
                0x0000008e                __vector_6
                0x0000008e                __vector_11
                0x0000008e                __vector_13
                0x0000008e                __vector_17
                0x0000008e                __vector_19
                0x0000008e                __vector_7
                0x0000008e                __vector_5
                0x0000008e                __vector_4
                0x0000008e                __vector_9
                0x0000008e                __vector_15
                0x0000008e                __vector_8
                0x0000008e                __vector_14
                0x0000008e                __vector_10
                0x0000008e                __vector_16
                0x0000008e                __vector_18
                0x0000008e                __vector_20
 .text          0x00000092        0x0 ./MCAL/GIE/GIE_prog.o
 .text          0x00000092        0x0 ./MCAL/EXTI/EXTI_config.o
 .text          0x00000092        0x0 ./MCAL/EXTI/EXTI_prog.o
 .text          0x00000092        0x0 ./MCAL/DIO/DIO_prog.o
 .text          0x00000092        0x0 ./HAL/Switch/Switch_config.o
 .text          0x00000092        0x0 ./HAL/Switch/Switch_prog.o
 .text          0x00000092        0x0 ./HAL/SevSeg/SevSeg_config.o
 .text          0x00000092        0x0 ./HAL/SevSeg/SevSeg_prog.o
 .text          0x00000092        0x0 ./HAL/LD/LD_config.o
 .text          0x00000092        0x0 ./HAL/LD/LD_prog.o
 .text          0x00000092        0x0 ./HAL/LCD/LCD_prog.o
 .text          0x00000092        0x0 ./HAL/Keypad/Keypad_config.o
 .text          0x00000092        0x0 ./HAL/Keypad/Keypad_prog.o
 .text          0x00000092        0x0 ./App/bassem.o
 .text          0x00000092        0x0 ./App/main.o
 .text          0x00000092        0x0 ./.metadata/.plugins/org.eclipse.cdt.make.core/specs.o
 .text          0x00000092        0x0 d:/amit_course/masters/drive/sdk_win_64/winavr/bin/../lib/gcc/avr/4.3.3/avr5\libgcc.a(_mulsi3.o)
 .text          0x00000092        0x0 d:/amit_course/masters/drive/sdk_win_64/winavr/bin/../lib/gcc/avr/4.3.3/avr5\libgcc.a(_divmodhi4.o)
 .text          0x00000092        0x0 d:/amit_course/masters/drive/sdk_win_64/winavr/bin/../lib/gcc/avr/4.3.3/avr5\libgcc.a(_udivmodsi4.o)
 .text          0x00000092        0x0 d:/amit_course/masters/drive/sdk_win_64/winavr/bin/../lib/gcc/avr/4.3.3/avr5\libgcc.a(_divmodsi4.o)
 .text          0x00000092        0x0 d:/amit_course/masters/drive/sdk_win_64/winavr/bin/../lib/gcc/avr/4.3.3/avr5\libgcc.a(_exit.o)
 .text          0x00000092        0x0 d:/amit_course/masters/drive/sdk_win_64/winavr/bin/../lib/gcc/avr/4.3.3/avr5\libgcc.a(_copy_data.o)
 .text          0x00000092        0x0 d:/amit_course/masters/drive/sdk_win_64/winavr/bin/../lib/gcc/avr/4.3.3/avr5\libgcc.a(_clear_bss.o)
 .text          0x00000092       0x58 d:/amit_course/masters/drive/sdk_win_64/winavr/bin/../lib/gcc/avr/4.3.3/avr5\libgcc.a(_fixunssfsi.o)
                0x00000092                __fixunssfsi
 .text          0x000000ea      0x354 d:/amit_course/masters/drive/sdk_win_64/winavr/bin/../lib/gcc/avr/4.3.3/avr5\libgcc.a(_addsub_sf.o)
                0x00000382                __subsf3
                0x000003e4                __addsf3
 .text          0x0000043e      0x1f4 d:/amit_course/masters/drive/sdk_win_64/winavr/bin/../lib/gcc/avr/4.3.3/avr5\libgcc.a(_mul_sf.o)
                0x0000043e                __mulsf3
 .text          0x00000632       0x60 d:/amit_course/masters/drive/sdk_win_64/winavr/bin/../lib/gcc/avr/4.3.3/avr5\libgcc.a(_gt_sf.o)
                0x00000632                __gtsf2
 .text          0x00000692       0x60 d:/amit_course/masters/drive/sdk_win_64/winavr/bin/../lib/gcc/avr/4.3.3/avr5\libgcc.a(_ge_sf.o)
                0x00000692                __gesf2
 .text          0x000006f2       0x60 d:/amit_course/masters/drive/sdk_win_64/winavr/bin/../lib/gcc/avr/4.3.3/avr5\libgcc.a(_lt_sf.o)
                0x000006f2                __ltsf2
 .text          0x00000752       0xa8 d:/amit_course/masters/drive/sdk_win_64/winavr/bin/../lib/gcc/avr/4.3.3/avr5\libgcc.a(_sf_to_si.o)
                0x00000752                __fixsfsi
 .text          0x000007fa        0x0 d:/amit_course/masters/drive/sdk_win_64/winavr/bin/../lib/gcc/avr/4.3.3/avr5\libgcc.a(_thenan_sf.o)
 .text          0x000007fa       0xf2 d:/amit_course/masters/drive/sdk_win_64/winavr/bin/../lib/gcc/avr/4.3.3/avr5\libgcc.a(_usi_to_sf.o)
                0x000007fa                __floatunsisf
 .text          0x000008ec        0x0 d:/amit_course/masters/drive/sdk_win_64/winavr/bin/../lib/gcc/avr/4.3.3/avr5\libgcc.a(_udivmodhi4.o)
 .text          0x000008ec        0x0 d:/amit_course/masters/drive/sdk_win_64/winavr/bin/../lib/gcc/avr/4.3.3/avr5\libgcc.a(_prologue.o)
 .text          0x000008ec        0x0 d:/amit_course/masters/drive/sdk_win_64/winavr/bin/../lib/gcc/avr/4.3.3/avr5\libgcc.a(_epilogue.o)
 .text          0x000008ec       0x9e d:/amit_course/masters/drive/sdk_win_64/winavr/bin/../lib/gcc/avr/4.3.3/avr5\libgcc.a(_clzsi2.o)
                0x000008ec                __clzsi2
 .text          0x0000098a      0x1aa d:/amit_course/masters/drive/sdk_win_64/winavr/bin/../lib/gcc/avr/4.3.3/avr5\libgcc.a(_pack_sf.o)
                0x0000098a                __pack_f
 .text          0x00000b34       0xf0 d:/amit_course/masters/drive/sdk_win_64/winavr/bin/../lib/gcc/avr/4.3.3/avr5\libgcc.a(_unpack_sf.o)
                0x00000b34                __unpack_f
 .text          0x00000c24       0xb2 d:/amit_course/masters/drive/sdk_win_64/winavr/bin/../lib/gcc/avr/4.3.3/avr5\libgcc.a(_fpcmp_parts_sf.o)
                0x00000c24                __fpcmp_parts_f
 .text          0x00000cd6        0x0 d:/amit_course/masters/drive/sdk_win_64/winavr/bin/../lib/gcc/avr/4.3.3/avr5\libgcc.a(_clz.o)
                0x00000cd6                . = ALIGN (0x2)
 *(.text.*)
 .text.GIE_enuInit
                0x00000cd6       0x12 ./MCAL/GIE/GIE_prog.o
                0x00000cd6                GIE_enuInit
 .text.GIE_enuEnable
                0x00000ce8       0x12 ./MCAL/GIE/GIE_prog.o
                0x00000ce8                GIE_enuEnable
 .text.GIE_enuDisable
                0x00000cfa       0x12 ./MCAL/GIE/GIE_prog.o
                0x00000cfa                GIE_enuDisable
 .text.EXTI_enuInit
                0x00000d0c      0x36a ./MCAL/EXTI/EXTI_prog.o
                0x00000d0c                EXTI_enuInit
 .text.EXTI_enuEnableInterrupt
                0x00001076       0x6a ./MCAL/EXTI/EXTI_prog.o
                0x00001076                EXTI_enuEnableInterrupt
 .text.EXTI_enuDisableInterrupt
                0x000010e0       0x6a ./MCAL/EXTI/EXTI_prog.o
                0x000010e0                EXTI_enuDisableInterrupt
 .text.EXTI_enuSetSenseLevel
                0x0000114a      0x1a4 ./MCAL/EXTI/EXTI_prog.o
                0x0000114a                EXTI_enuSetSenseLevel
 .text.__vector_1
                0x000012ee       0x20 ./MCAL/EXTI/EXTI_prog.o
                0x000012ee                __vector_1
 .text.__vector_2
                0x0000130e       0x20 ./MCAL/EXTI/EXTI_prog.o
                0x0000130e                __vector_2
 .text.__vector_3
                0x0000132e       0x20 ./MCAL/EXTI/EXTI_prog.o
                0x0000132e                __vector_3
 .text.DIO_enuInit
                0x0000134e       0x18 ./MCAL/DIO/DIO_prog.o
                0x0000134e                DIO_enuInit
 .text.DIO_enuSetPinDirection
                0x00001366      0x1d8 ./MCAL/DIO/DIO_prog.o
                0x00001366                DIO_enuSetPinDirection
 .text.DIO_enuSetPinValue
                0x0000153e      0x1de ./MCAL/DIO/DIO_prog.o
                0x0000153e                DIO_enuSetPinValue
 .text.DIO_enuTogglePinValue
                0x0000171c      0x11c ./MCAL/DIO/DIO_prog.o
                0x0000171c                DIO_enuTogglePinValue
 .text.DIO_enuGetPinValue
                0x00001838      0x13c ./MCAL/DIO/DIO_prog.o
                0x00001838                DIO_enuGetPinValue
 .text.Switch_enuInit
                0x00001974       0xd6 ./HAL/Switch/Switch_prog.o
                0x00001974                Switch_enuInit
 .text.Switch_enuGetPressed
                0x00001a4a       0x7c ./HAL/Switch/Switch_prog.o
                0x00001a4a                Switch_enuGetPressed
 .text.SevSeg_enuInit
                0x00001ac6      0x1aa ./HAL/SevSeg/SevSeg_prog.o
                0x00001ac6                SevSeg_enuInit
 .text.SevSeg_enuSetDigitValue
                0x00001c70       0xec ./HAL/SevSeg/SevSeg_prog.o
                0x00001c70                SevSeg_enuSetDigitValue
 .text.SevSeg_enuSetDIPValue
                0x00001d5c       0xa2 ./HAL/SevSeg/SevSeg_prog.o
                0x00001d5c                SevSeg_enuSetDIPValue
 .text.SevSeg_enuFrameDelay
                0x00001dfe       0x5a ./HAL/SevSeg/SevSeg_prog.o
                0x00001dfe                SevSeg_enuFrameDelay
 .text.SevSeg_enuModuleControl
                0x00001e58      0x10a ./HAL/SevSeg/SevSeg_prog.o
                0x00001e58                SevSeg_enuModuleControl
 .text.LD_enuInit
                0x00001f62       0xcc ./HAL/LD/LD_prog.o
                0x00001f62                LD_enuInit
 .text.LD_enuSetState
                0x0000202e       0x92 ./HAL/LD/LD_prog.o
                0x0000202e                LD_enuSetState
 .text.LCD_enuInit
                0x000020c0      0x39a ./HAL/LCD/LCD_prog.o
                0x000020c0                LCD_enuInit
 .text.LCD_enuWriteData
                0x0000245a       0x2c ./HAL/LCD/LCD_prog.o
                0x0000245a                LCD_enuWriteData
 .text.LCD_enuWriteCommand
                0x00002486       0x2c ./HAL/LCD/LCD_prog.o
                0x00002486                LCD_enuWriteCommand
 .text.LCD_enuWriteString
                0x000024b2       0x4e ./HAL/LCD/LCD_prog.o
                0x000024b2                LCD_enuWriteString
 .text.LCD_enuGoToPosition
                0x00002500       0x6a ./HAL/LCD/LCD_prog.o
                0x00002500                LCD_enuGoToPosition
 .text.LCD_enuWriteNLatch
                0x0000256a      0x498 ./HAL/LCD/LCD_prog.o
 .text.LCD_enuWriteIntegerNum
                0x00002a02      0x23a ./HAL/LCD/LCD_prog.o
                0x00002a02                LCD_enuWriteIntegerNum
 .text.LCD_enuWriteFloatNum
                0x00002c3c      0x39e ./HAL/LCD/LCD_prog.o
                0x00002c3c                LCD_enuWriteFloatNum
 .text.LCD_enuWriteExtraPattern
                0x00002fda      0x15c ./HAL/LCD/LCD_prog.o
                0x00002fda                LCD_enuWriteExtraPattern
 .text.LCD_enuSetTextDirection
                0x00003136       0x8c ./HAL/LCD/LCD_prog.o
                0x00003136                LCD_enuSetTextDirection
 .text.Keypad_enuInit
                0x000031c2      0x198 ./HAL/Keypad/Keypad_prog.o
                0x000031c2                Keypad_enuInit
 .text.Keypad_enuGetPressedKey
                0x0000335a      0x300 ./HAL/Keypad/Keypad_prog.o
                0x0000335a                Keypad_enuGetPressedKey
 .text.Keypad_Sleep
                0x0000365a       0xe2 ./HAL/Keypad/Keypad_prog.o
                0x0000365a                Keypad_Sleep
 .text.Keypad_Awake
                0x0000373c       0xfa ./HAL/Keypad/Keypad_prog.o
                0x0000373c                Keypad_Awake
 .text.main     0x00003836      0x662 ./App/main.o
                0x00003836                main
 .text.ReadInputDigit
                0x00003e98      0x37c ./App/main.o
                0x00003e98                ReadInputDigit
 .text.DetectPowerStatus
                0x00004214       0x7e ./App/main.o
                0x00004214                DetectPowerStatus
 .text.SwitchIsPressed
                0x00004292      0x186 ./App/main.o
                0x00004292                SwitchIsPressed
 .text.CheckCounterStatus
                0x00004418       0x84 ./App/main.o
                0x00004418                CheckCounterStatus
 .text.libgcc   0x0000449c       0x3e d:/amit_course/masters/drive/sdk_win_64/winavr/bin/../lib/gcc/avr/4.3.3/avr5\libgcc.a(_mulsi3.o)
                0x0000449c                __mulsi3
 .text.libgcc   0x000044da       0x26 d:/amit_course/masters/drive/sdk_win_64/winavr/bin/../lib/gcc/avr/4.3.3/avr5\libgcc.a(_divmodhi4.o)
                0x000044da                __divmodhi4
                0x000044da                _div
 .text.libgcc   0x00004500       0x44 d:/amit_course/masters/drive/sdk_win_64/winavr/bin/../lib/gcc/avr/4.3.3/avr5\libgcc.a(_udivmodsi4.o)
                0x00004500                __udivmodsi4
 .text.libgcc   0x00004544       0x36 d:/amit_course/masters/drive/sdk_win_64/winavr/bin/../lib/gcc/avr/4.3.3/avr5\libgcc.a(_divmodsi4.o)
                0x00004544                __divmodsi4
 .text.libgcc   0x0000457a        0x0 d:/amit_course/masters/drive/sdk_win_64/winavr/bin/../lib/gcc/avr/4.3.3/avr5\libgcc.a(_exit.o)
 .text.libgcc   0x0000457a        0x0 d:/amit_course/masters/drive/sdk_win_64/winavr/bin/../lib/gcc/avr/4.3.3/avr5\libgcc.a(_copy_data.o)
 .text.libgcc   0x0000457a        0x0 d:/amit_course/masters/drive/sdk_win_64/winavr/bin/../lib/gcc/avr/4.3.3/avr5\libgcc.a(_clear_bss.o)
 .text.libgcc   0x0000457a       0x28 d:/amit_course/masters/drive/sdk_win_64/winavr/bin/../lib/gcc/avr/4.3.3/avr5\libgcc.a(_udivmodhi4.o)
                0x0000457a                __udivmodhi4
 .text.libgcc   0x000045a2       0x38 d:/amit_course/masters/drive/sdk_win_64/winavr/bin/../lib/gcc/avr/4.3.3/avr5\libgcc.a(_prologue.o)
                0x000045a2                __prologue_saves__
 .text.libgcc   0x000045da       0x36 d:/amit_course/masters/drive/sdk_win_64/winavr/bin/../lib/gcc/avr/4.3.3/avr5\libgcc.a(_epilogue.o)
                0x000045da                __epilogue_restores__
                0x00004610                . = ALIGN (0x2)
 *(.fini9)
 .fini9         0x00004610        0x0 d:/amit_course/masters/drive/sdk_win_64/winavr/bin/../lib/gcc/avr/4.3.3/avr5\libgcc.a(_exit.o)
                0x00004610                exit
                0x00004610                _exit
 *(.fini9)
 *(.fini8)
 *(.fini8)
 *(.fini7)
 *(.fini7)
 *(.fini6)
 *(.fini6)
 *(.fini5)
 *(.fini5)
 *(.fini4)
 *(.fini4)
 *(.fini3)
 *(.fini3)
 *(.fini2)
 *(.fini2)
 *(.fini1)
 *(.fini1)
 *(.fini0)
 .fini0         0x00004610        0x4 d:/amit_course/masters/drive/sdk_win_64/winavr/bin/../lib/gcc/avr/4.3.3/avr5\libgcc.a(_exit.o)
 *(.fini0)
                0x00004614                _etext = .

.data           0x00800060      0x1de load address 0x00004614
                0x00800060                PROVIDE (__data_start, .)
 *(.data)
 .data          0x00800060        0x0 d:/amit_course/masters/drive/sdk_win_64/winavr/bin/../lib/gcc/avr/4.3.3/../../../../avr/lib/avr5/crtm32.o
 .data          0x00800060        0x0 ./MCAL/GIE/GIE_prog.o
 .data          0x00800060        0x0 ./MCAL/EXTI/EXTI_config.o
 .data          0x00800060        0x0 ./MCAL/EXTI/EXTI_prog.o
 .data          0x00800060        0x0 ./MCAL/DIO/DIO_prog.o
 .data          0x00800060        0x0 ./HAL/Switch/Switch_config.o
 .data          0x00800060        0x0 ./HAL/Switch/Switch_prog.o
 .data          0x00800060        0x0 ./HAL/SevSeg/SevSeg_config.o
 .data          0x00800060        0x0 ./HAL/SevSeg/SevSeg_prog.o
 .data          0x00800060        0x0 ./HAL/LD/LD_config.o
 .data          0x00800060        0x0 ./HAL/LD/LD_prog.o
 .data          0x00800060        0x0 ./HAL/LCD/LCD_prog.o
 .data          0x00800060        0x0 ./HAL/Keypad/Keypad_config.o
 .data          0x00800060        0x0 ./HAL/Keypad/Keypad_prog.o
 .data          0x00800060        0x0 ./App/bassem.o
 .data          0x00800060       0x6c ./App/main.o
 .data          0x008000cc        0x0 ./.metadata/.plugins/org.eclipse.cdt.make.core/specs.o
 .data          0x008000cc        0x0 d:/amit_course/masters/drive/sdk_win_64/winavr/bin/../lib/gcc/avr/4.3.3/avr5\libgcc.a(_mulsi3.o)
 .data          0x008000cc        0x0 d:/amit_course/masters/drive/sdk_win_64/winavr/bin/../lib/gcc/avr/4.3.3/avr5\libgcc.a(_divmodhi4.o)
 .data          0x008000cc        0x0 d:/amit_course/masters/drive/sdk_win_64/winavr/bin/../lib/gcc/avr/4.3.3/avr5\libgcc.a(_udivmodsi4.o)
 .data          0x008000cc        0x0 d:/amit_course/masters/drive/sdk_win_64/winavr/bin/../lib/gcc/avr/4.3.3/avr5\libgcc.a(_divmodsi4.o)
 .data          0x008000cc        0x0 d:/amit_course/masters/drive/sdk_win_64/winavr/bin/../lib/gcc/avr/4.3.3/avr5\libgcc.a(_exit.o)
 .data          0x008000cc        0x0 d:/amit_course/masters/drive/sdk_win_64/winavr/bin/../lib/gcc/avr/4.3.3/avr5\libgcc.a(_copy_data.o)
 .data          0x008000cc        0x0 d:/amit_course/masters/drive/sdk_win_64/winavr/bin/../lib/gcc/avr/4.3.3/avr5\libgcc.a(_clear_bss.o)
 .data          0x008000cc        0x0 d:/amit_course/masters/drive/sdk_win_64/winavr/bin/../lib/gcc/avr/4.3.3/avr5\libgcc.a(_fixunssfsi.o)
 .data          0x008000cc        0x0 d:/amit_course/masters/drive/sdk_win_64/winavr/bin/../lib/gcc/avr/4.3.3/avr5\libgcc.a(_addsub_sf.o)
 .data          0x008000cc        0x0 d:/amit_course/masters/drive/sdk_win_64/winavr/bin/../lib/gcc/avr/4.3.3/avr5\libgcc.a(_mul_sf.o)
 .data          0x008000cc        0x0 d:/amit_course/masters/drive/sdk_win_64/winavr/bin/../lib/gcc/avr/4.3.3/avr5\libgcc.a(_gt_sf.o)
 .data          0x008000cc        0x0 d:/amit_course/masters/drive/sdk_win_64/winavr/bin/../lib/gcc/avr/4.3.3/avr5\libgcc.a(_ge_sf.o)
 .data          0x008000cc        0x0 d:/amit_course/masters/drive/sdk_win_64/winavr/bin/../lib/gcc/avr/4.3.3/avr5\libgcc.a(_lt_sf.o)
 .data          0x008000cc        0x0 d:/amit_course/masters/drive/sdk_win_64/winavr/bin/../lib/gcc/avr/4.3.3/avr5\libgcc.a(_sf_to_si.o)
 .data          0x008000cc        0x8 d:/amit_course/masters/drive/sdk_win_64/winavr/bin/../lib/gcc/avr/4.3.3/avr5\libgcc.a(_thenan_sf.o)
                0x008000cc                __thenan_sf
 .data          0x008000d4        0x0 d:/amit_course/masters/drive/sdk_win_64/winavr/bin/../lib/gcc/avr/4.3.3/avr5\libgcc.a(_usi_to_sf.o)
 .data          0x008000d4        0x0 d:/amit_course/masters/drive/sdk_win_64/winavr/bin/../lib/gcc/avr/4.3.3/avr5\libgcc.a(_udivmodhi4.o)
 .data          0x008000d4        0x0 d:/amit_course/masters/drive/sdk_win_64/winavr/bin/../lib/gcc/avr/4.3.3/avr5\libgcc.a(_prologue.o)
 .data          0x008000d4        0x0 d:/amit_course/masters/drive/sdk_win_64/winavr/bin/../lib/gcc/avr/4.3.3/avr5\libgcc.a(_epilogue.o)
 .data          0x008000d4        0x0 d:/amit_course/masters/drive/sdk_win_64/winavr/bin/../lib/gcc/avr/4.3.3/avr5\libgcc.a(_clzsi2.o)
 .data          0x008000d4        0x0 d:/amit_course/masters/drive/sdk_win_64/winavr/bin/../lib/gcc/avr/4.3.3/avr5\libgcc.a(_pack_sf.o)
 .data          0x008000d4        0x0 d:/amit_course/masters/drive/sdk_win_64/winavr/bin/../lib/gcc/avr/4.3.3/avr5\libgcc.a(_unpack_sf.o)
 .data          0x008000d4        0x0 d:/amit_course/masters/drive/sdk_win_64/winavr/bin/../lib/gcc/avr/4.3.3/avr5\libgcc.a(_fpcmp_parts_sf.o)
 .data          0x008000d4      0x100 d:/amit_course/masters/drive/sdk_win_64/winavr/bin/../lib/gcc/avr/4.3.3/avr5\libgcc.a(_clz.o)
                0x008000d4                __clz_tab
 *(.data*)
 .data.EXTI_u8EXTI_Num
                0x008001d4        0x1 ./MCAL/EXTI/EXTI_config.o
                0x008001d4                EXTI_u8EXTI_Num
 .data.EXTI_AstrEXTI_Config
                0x008001d5        0x9 ./MCAL/EXTI/EXTI_config.o
                0x008001d5                EXTI_AstrEXTI_Config
 .data.Switch_u8SwitchesMaxNum
                0x008001de        0x1 ./HAL/Switch/Switch_config.o
                0x008001de                Switch_u8SwitchesMaxNum
 .data.Switch_u8SwitchZero
                0x008001df        0x1 ./HAL/Switch/Switch_config.o
                0x008001df                Switch_u8SwitchZero
 .data.Switch   0x008001e0        0xc ./HAL/Switch/Switch_config.o
                0x008001e0                Switch
 .data.SevSeg_u8MaxModules
                0x008001ec        0x1 ./HAL/SevSeg/SevSeg_config.o
                0x008001ec                SevSeg_u8MaxModules
 .data.ModuleValuePins
                0x008001ed        0x1 ./HAL/SevSeg/SevSeg_config.o
                0x008001ed                ModuleValuePins
 .data.ModuleControlPins
                0x008001ee        0x1 ./HAL/SevSeg/SevSeg_config.o
                0x008001ee                ModuleControlPins
 .data.SSegModule
                0x008001ef       0x1c ./HAL/SevSeg/SevSeg_config.o
                0x008001ef                SSegModule
 .data.LD_u8LD_MaxNum
                0x0080020b        0x1 ./HAL/LD/LD_config.o
                0x0080020b                LD_u8LD_MaxNum
 .data.LD_Mode  0x0080020c        0x1 ./HAL/LD/LD_config.o
                0x0080020c                LD_Mode
 .data.LD_u8On  0x0080020d        0x1 ./HAL/LD/LD_config.o
                0x0080020d                LD_u8On
 .data.LD       0x0080020e        0x6 ./HAL/LD/LD_config.o
                0x0080020e                LD
 .data.Kpad_u8MaxSideKeys
                0x00800214        0x1 ./HAL/Keypad/Keypad_config.o
                0x00800214                Kpad_u8MaxSideKeys
 .data.Kpad_u8RowNum
                0x00800215        0x1 ./HAL/Keypad/Keypad_config.o
                0x00800215                Kpad_u8RowNum
 .data.Kpad_u8ColNum
                0x00800216        0x1 ./HAL/Keypad/Keypad_config.o
                0x00800216                Kpad_u8ColNum
 .data.Kpad_u8KeyValues
                0x00800217       0x10 ./HAL/Keypad/Keypad_config.o
                0x00800217                Kpad_u8KeyValues
 .data.KeyPadCols
                0x00800227        0x8 ./HAL/Keypad/Keypad_config.o
                0x00800227                KeyPadCols
 .data.KeyPadRows
                0x0080022f        0xc ./HAL/Keypad/Keypad_config.o
                0x0080022f                KeyPadRows
 .data.Global_u8Power
                0x0080023b        0x1 ./App/main.o
                0x0080023b                Global_u8Power
 .data.Global_u8Restart
                0x0080023c        0x1 ./App/main.o
                0x0080023c                Global_u8Restart
 .data.Global_u8Counter
                0x0080023d        0x1 ./App/main.o
                0x0080023d                Global_u8Counter
 *(.rodata)
 *(.rodata*)
 *(.gnu.linkonce.d*)
                0x0080023e                . = ALIGN (0x2)
                0x0080023e                _edata = .
                0x0080023e                PROVIDE (__data_end, .)

.bss            0x0080023e        0x1
                0x0080023e                PROVIDE (__bss_start, .)
 *(.bss)
 .bss           0x0080023e        0x0 d:/amit_course/masters/drive/sdk_win_64/winavr/bin/../lib/gcc/avr/4.3.3/../../../../avr/lib/avr5/crtm32.o
 .bss           0x0080023e        0x0 ./MCAL/GIE/GIE_prog.o
 .bss           0x0080023e        0x0 ./MCAL/EXTI/EXTI_config.o
 .bss           0x0080023e        0x0 ./MCAL/EXTI/EXTI_prog.o
 .bss           0x0080023e        0x0 ./MCAL/DIO/DIO_prog.o
 .bss           0x0080023e        0x0 ./HAL/Switch/Switch_config.o
 .bss           0x0080023e        0x0 ./HAL/Switch/Switch_prog.o
 .bss           0x0080023e        0x0 ./HAL/SevSeg/SevSeg_config.o
 .bss           0x0080023e        0x0 ./HAL/SevSeg/SevSeg_prog.o
 .bss           0x0080023e        0x0 ./HAL/LD/LD_config.o
 .bss           0x0080023e        0x0 ./HAL/LD/LD_prog.o
 .bss           0x0080023e        0x0 ./HAL/LCD/LCD_prog.o
 .bss           0x0080023e        0x0 ./HAL/Keypad/Keypad_config.o
 .bss           0x0080023e        0x0 ./HAL/Keypad/Keypad_prog.o
 .bss           0x0080023e        0x0 ./App/bassem.o
 .bss           0x0080023e        0x0 ./App/main.o
 .bss           0x0080023e        0x0 ./.metadata/.plugins/org.eclipse.cdt.make.core/specs.o
 .bss           0x0080023e        0x0 d:/amit_course/masters/drive/sdk_win_64/winavr/bin/../lib/gcc/avr/4.3.3/avr5\libgcc.a(_mulsi3.o)
 .bss           0x0080023e        0x0 d:/amit_course/masters/drive/sdk_win_64/winavr/bin/../lib/gcc/avr/4.3.3/avr5\libgcc.a(_divmodhi4.o)
 .bss           0x0080023e        0x0 d:/amit_course/masters/drive/sdk_win_64/winavr/bin/../lib/gcc/avr/4.3.3/avr5\libgcc.a(_udivmodsi4.o)
 .bss           0x0080023e        0x0 d:/amit_course/masters/drive/sdk_win_64/winavr/bin/../lib/gcc/avr/4.3.3/avr5\libgcc.a(_divmodsi4.o)
 .bss           0x0080023e        0x0 d:/amit_course/masters/drive/sdk_win_64/winavr/bin/../lib/gcc/avr/4.3.3/avr5\libgcc.a(_exit.o)
 .bss           0x0080023e        0x0 d:/amit_course/masters/drive/sdk_win_64/winavr/bin/../lib/gcc/avr/4.3.3/avr5\libgcc.a(_copy_data.o)
 .bss           0x0080023e        0x0 d:/amit_course/masters/drive/sdk_win_64/winavr/bin/../lib/gcc/avr/4.3.3/avr5\libgcc.a(_clear_bss.o)
 .bss           0x0080023e        0x0 d:/amit_course/masters/drive/sdk_win_64/winavr/bin/../lib/gcc/avr/4.3.3/avr5\libgcc.a(_fixunssfsi.o)
 .bss           0x0080023e        0x0 d:/amit_course/masters/drive/sdk_win_64/winavr/bin/../lib/gcc/avr/4.3.3/avr5\libgcc.a(_addsub_sf.o)
 .bss           0x0080023e        0x0 d:/amit_course/masters/drive/sdk_win_64/winavr/bin/../lib/gcc/avr/4.3.3/avr5\libgcc.a(_mul_sf.o)
 .bss           0x0080023e        0x0 d:/amit_course/masters/drive/sdk_win_64/winavr/bin/../lib/gcc/avr/4.3.3/avr5\libgcc.a(_gt_sf.o)
 .bss           0x0080023e        0x0 d:/amit_course/masters/drive/sdk_win_64/winavr/bin/../lib/gcc/avr/4.3.3/avr5\libgcc.a(_ge_sf.o)
 .bss           0x0080023e        0x0 d:/amit_course/masters/drive/sdk_win_64/winavr/bin/../lib/gcc/avr/4.3.3/avr5\libgcc.a(_lt_sf.o)
 .bss           0x0080023e        0x0 d:/amit_course/masters/drive/sdk_win_64/winavr/bin/../lib/gcc/avr/4.3.3/avr5\libgcc.a(_sf_to_si.o)
 .bss           0x0080023e        0x0 d:/amit_course/masters/drive/sdk_win_64/winavr/bin/../lib/gcc/avr/4.3.3/avr5\libgcc.a(_thenan_sf.o)
 .bss           0x0080023e        0x0 d:/amit_course/masters/drive/sdk_win_64/winavr/bin/../lib/gcc/avr/4.3.3/avr5\libgcc.a(_usi_to_sf.o)
 .bss           0x0080023e        0x0 d:/amit_course/masters/drive/sdk_win_64/winavr/bin/../lib/gcc/avr/4.3.3/avr5\libgcc.a(_udivmodhi4.o)
 .bss           0x0080023e        0x0 d:/amit_course/masters/drive/sdk_win_64/winavr/bin/../lib/gcc/avr/4.3.3/avr5\libgcc.a(_prologue.o)
 .bss           0x0080023e        0x0 d:/amit_course/masters/drive/sdk_win_64/winavr/bin/../lib/gcc/avr/4.3.3/avr5\libgcc.a(_epilogue.o)
 .bss           0x0080023e        0x0 d:/amit_course/masters/drive/sdk_win_64/winavr/bin/../lib/gcc/avr/4.3.3/avr5\libgcc.a(_clzsi2.o)
 .bss           0x0080023e        0x0 d:/amit_course/masters/drive/sdk_win_64/winavr/bin/../lib/gcc/avr/4.3.3/avr5\libgcc.a(_pack_sf.o)
 .bss           0x0080023e        0x0 d:/amit_course/masters/drive/sdk_win_64/winavr/bin/../lib/gcc/avr/4.3.3/avr5\libgcc.a(_unpack_sf.o)
 .bss           0x0080023e        0x0 d:/amit_course/masters/drive/sdk_win_64/winavr/bin/../lib/gcc/avr/4.3.3/avr5\libgcc.a(_fpcmp_parts_sf.o)
 .bss           0x0080023e        0x0 d:/amit_course/masters/drive/sdk_win_64/winavr/bin/../lib/gcc/avr/4.3.3/avr5\libgcc.a(_clz.o)
 *(.bss*)
 .bss.LD_u8Off  0x0080023e        0x1 ./HAL/LD/LD_config.o
                0x0080023e                LD_u8Off
 *(COMMON)
                0x0080023f                PROVIDE (__bss_end, .)
                0x00004614                __data_load_start = LOADADDR (.data)
                0x000047f2                __data_load_end = (__data_load_start + SIZEOF (.data))

.noinit         0x0080023f        0x0
                0x0080023f                PROVIDE (__noinit_start, .)
 *(.noinit*)
                0x0080023f                PROVIDE (__noinit_end, .)
                0x0080023f                _end = .
                0x0080023f                PROVIDE (__heap_start, .)

.eeprom         0x00810000        0x0
 *(.eeprom*)
                0x00810000                __eeprom_end = .

.fuse
 *(.fuse)
 *(.lfuse)
 *(.hfuse)
 *(.efuse)

.lock
 *(.lock*)

.signature
 *(.signature*)

.stab           0x00000000     0x53d0
 *(.stab)
 .stab          0x00000000      0x27c ./MCAL/GIE/GIE_prog.o
 .stab          0x0000027c      0x1f8 ./MCAL/EXTI/EXTI_config.o
                                0x204 (size before relaxing)
 .stab          0x00000474      0x6d8 ./MCAL/EXTI/EXTI_prog.o
                                0x7c8 (size before relaxing)
 .stab          0x00000b4c      0x684 ./MCAL/DIO/DIO_prog.o
                                0x690 (size before relaxing)
 .stab          0x000011d0      0x21c ./HAL/Switch/Switch_config.o
                                0x228 (size before relaxing)
 .stab          0x000013ec      0x33c ./HAL/Switch/Switch_prog.o
                                0x360 (size before relaxing)
 .stab          0x00001728      0x21c ./HAL/SevSeg/SevSeg_config.o
                                0x228 (size before relaxing)
 .stab          0x00001944      0x804 ./HAL/SevSeg/SevSeg_prog.o
                                0x834 (size before relaxing)
 .stab          0x00002148      0x234 ./HAL/LD/LD_config.o
                                0x240 (size before relaxing)
 .stab          0x0000237c      0x384 ./HAL/LD/LD_prog.o
                                0x3a8 (size before relaxing)
 .stab          0x00002700     0x12b4 ./HAL/LCD/LCD_prog.o
                               0x144c (size before relaxing)
 .stab          0x000039b4      0x24c ./HAL/Keypad/Keypad_config.o
                                0x258 (size before relaxing)
 .stab          0x00003c00      0x7a4 ./HAL/Keypad/Keypad_prog.o
                                0x954 (size before relaxing)
 .stab          0x000043a4       0xd8 ./App/bassem.o
                                 0xe4 (size before relaxing)
 .stab          0x0000447c      0xe7c ./App/main.o
                               0x1014 (size before relaxing)
 .stab          0x000052f8       0xd8 ./.metadata/.plugins/org.eclipse.cdt.make.core/specs.o
                                 0xe4 (size before relaxing)

.stabstr        0x00000000     0x2301
 *(.stabstr)
 .stabstr       0x00000000     0x2301 ./MCAL/GIE/GIE_prog.o

.stab.excl
 *(.stab.excl)

.stab.exclstr
 *(.stab.exclstr)

.stab.index
 *(.stab.index)

.stab.indexstr
 *(.stab.indexstr)

.comment
 *(.comment)

.debug
 *(.debug)

.line
 *(.line)

.debug_srcinfo
 *(.debug_srcinfo)

.debug_sfnames
 *(.debug_sfnames)

.debug_aranges  0x00000000      0x180
 *(.debug_aranges)
 .debug_aranges
                0x00000000       0x20 d:/amit_course/masters/drive/sdk_win_64/winavr/bin/../lib/gcc/avr/4.3.3/avr5\libgcc.a(_fixunssfsi.o)
 .debug_aranges
                0x00000020       0x20 d:/amit_course/masters/drive/sdk_win_64/winavr/bin/../lib/gcc/avr/4.3.3/avr5\libgcc.a(_addsub_sf.o)
 .debug_aranges
                0x00000040       0x20 d:/amit_course/masters/drive/sdk_win_64/winavr/bin/../lib/gcc/avr/4.3.3/avr5\libgcc.a(_mul_sf.o)
 .debug_aranges
                0x00000060       0x20 d:/amit_course/masters/drive/sdk_win_64/winavr/bin/../lib/gcc/avr/4.3.3/avr5\libgcc.a(_gt_sf.o)
 .debug_aranges
                0x00000080       0x20 d:/amit_course/masters/drive/sdk_win_64/winavr/bin/../lib/gcc/avr/4.3.3/avr5\libgcc.a(_ge_sf.o)
 .debug_aranges
                0x000000a0       0x20 d:/amit_course/masters/drive/sdk_win_64/winavr/bin/../lib/gcc/avr/4.3.3/avr5\libgcc.a(_lt_sf.o)
 .debug_aranges
                0x000000c0       0x20 d:/amit_course/masters/drive/sdk_win_64/winavr/bin/../lib/gcc/avr/4.3.3/avr5\libgcc.a(_sf_to_si.o)
 .debug_aranges
                0x000000e0       0x20 d:/amit_course/masters/drive/sdk_win_64/winavr/bin/../lib/gcc/avr/4.3.3/avr5\libgcc.a(_usi_to_sf.o)
 .debug_aranges
                0x00000100       0x20 d:/amit_course/masters/drive/sdk_win_64/winavr/bin/../lib/gcc/avr/4.3.3/avr5\libgcc.a(_clzsi2.o)
 .debug_aranges
                0x00000120       0x20 d:/amit_course/masters/drive/sdk_win_64/winavr/bin/../lib/gcc/avr/4.3.3/avr5\libgcc.a(_pack_sf.o)
 .debug_aranges
                0x00000140       0x20 d:/amit_course/masters/drive/sdk_win_64/winavr/bin/../lib/gcc/avr/4.3.3/avr5\libgcc.a(_unpack_sf.o)
 .debug_aranges
                0x00000160       0x20 d:/amit_course/masters/drive/sdk_win_64/winavr/bin/../lib/gcc/avr/4.3.3/avr5\libgcc.a(_fpcmp_parts_sf.o)

.debug_pubnames
                0x00000000      0x1d3
 *(.debug_pubnames)
 .debug_pubnames
                0x00000000       0x23 d:/amit_course/masters/drive/sdk_win_64/winavr/bin/../lib/gcc/avr/4.3.3/avr5\libgcc.a(_fixunssfsi.o)
 .debug_pubnames
                0x00000023       0x2c d:/amit_course/masters/drive/sdk_win_64/winavr/bin/../lib/gcc/avr/4.3.3/avr5\libgcc.a(_addsub_sf.o)
 .debug_pubnames
                0x0000004f       0x1f d:/amit_course/masters/drive/sdk_win_64/winavr/bin/../lib/gcc/avr/4.3.3/avr5\libgcc.a(_mul_sf.o)
 .debug_pubnames
                0x0000006e       0x1e d:/amit_course/masters/drive/sdk_win_64/winavr/bin/../lib/gcc/avr/4.3.3/avr5\libgcc.a(_gt_sf.o)
 .debug_pubnames
                0x0000008c       0x1e d:/amit_course/masters/drive/sdk_win_64/winavr/bin/../lib/gcc/avr/4.3.3/avr5\libgcc.a(_ge_sf.o)
 .debug_pubnames
                0x000000aa       0x1e d:/amit_course/masters/drive/sdk_win_64/winavr/bin/../lib/gcc/avr/4.3.3/avr5\libgcc.a(_lt_sf.o)
 .debug_pubnames
                0x000000c8       0x20 d:/amit_course/masters/drive/sdk_win_64/winavr/bin/../lib/gcc/avr/4.3.3/avr5\libgcc.a(_sf_to_si.o)
 .debug_pubnames
                0x000000e8       0x22 d:/amit_course/masters/drive/sdk_win_64/winavr/bin/../lib/gcc/avr/4.3.3/avr5\libgcc.a(_thenan_sf.o)
 .debug_pubnames
                0x0000010a       0x24 d:/amit_course/masters/drive/sdk_win_64/winavr/bin/../lib/gcc/avr/4.3.3/avr5\libgcc.a(_usi_to_sf.o)
 .debug_pubnames
                0x0000012e       0x1f d:/amit_course/masters/drive/sdk_win_64/winavr/bin/../lib/gcc/avr/4.3.3/avr5\libgcc.a(_clzsi2.o)
 .debug_pubnames
                0x0000014d       0x1f d:/amit_course/masters/drive/sdk_win_64/winavr/bin/../lib/gcc/avr/4.3.3/avr5\libgcc.a(_pack_sf.o)
 .debug_pubnames
                0x0000016c       0x21 d:/amit_course/masters/drive/sdk_win_64/winavr/bin/../lib/gcc/avr/4.3.3/avr5\libgcc.a(_unpack_sf.o)
 .debug_pubnames
                0x0000018d       0x26 d:/amit_course/masters/drive/sdk_win_64/winavr/bin/../lib/gcc/avr/4.3.3/avr5\libgcc.a(_fpcmp_parts_sf.o)
 .debug_pubnames
                0x000001b3       0x20 d:/amit_course/masters/drive/sdk_win_64/winavr/bin/../lib/gcc/avr/4.3.3/avr5\libgcc.a(_clz.o)

.debug_info     0x00000000     0x200f
 *(.debug_info)
 .debug_info    0x00000000       0xb1 d:/amit_course/masters/drive/sdk_win_64/winavr/bin/../lib/gcc/avr/4.3.3/avr5\libgcc.a(_fixunssfsi.o)
 .debug_info    0x000000b1      0x47a d:/amit_course/masters/drive/sdk_win_64/winavr/bin/../lib/gcc/avr/4.3.3/avr5\libgcc.a(_addsub_sf.o)
 .debug_info    0x0000052b      0x485 d:/amit_course/masters/drive/sdk_win_64/winavr/bin/../lib/gcc/avr/4.3.3/avr5\libgcc.a(_mul_sf.o)
 .debug_info    0x000009b0      0x27f d:/amit_course/masters/drive/sdk_win_64/winavr/bin/../lib/gcc/avr/4.3.3/avr5\libgcc.a(_gt_sf.o)
 .debug_info    0x00000c2f      0x27f d:/amit_course/masters/drive/sdk_win_64/winavr/bin/../lib/gcc/avr/4.3.3/avr5\libgcc.a(_ge_sf.o)
 .debug_info    0x00000eae      0x27f d:/amit_course/masters/drive/sdk_win_64/winavr/bin/../lib/gcc/avr/4.3.3/avr5\libgcc.a(_lt_sf.o)
 .debug_info    0x0000112d      0x2b0 d:/amit_course/masters/drive/sdk_win_64/winavr/bin/../lib/gcc/avr/4.3.3/avr5\libgcc.a(_sf_to_si.o)
 .debug_info    0x000013dd      0x12c d:/amit_course/masters/drive/sdk_win_64/winavr/bin/../lib/gcc/avr/4.3.3/avr5\libgcc.a(_thenan_sf.o)
 .debug_info    0x00001509      0x206 d:/amit_course/masters/drive/sdk_win_64/winavr/bin/../lib/gcc/avr/4.3.3/avr5\libgcc.a(_usi_to_sf.o)
 .debug_info    0x0000170f      0x117 d:/amit_course/masters/drive/sdk_win_64/winavr/bin/../lib/gcc/avr/4.3.3/avr5\libgcc.a(_clzsi2.o)
 .debug_info    0x00001826      0x2df d:/amit_course/masters/drive/sdk_win_64/winavr/bin/../lib/gcc/avr/4.3.3/avr5\libgcc.a(_pack_sf.o)
 .debug_info    0x00001b05      0x251 d:/amit_course/masters/drive/sdk_win_64/winavr/bin/../lib/gcc/avr/4.3.3/avr5\libgcc.a(_unpack_sf.o)
 .debug_info    0x00001d56      0x210 d:/amit_course/masters/drive/sdk_win_64/winavr/bin/../lib/gcc/avr/4.3.3/avr5\libgcc.a(_fpcmp_parts_sf.o)
 .debug_info    0x00001f66       0xa9 d:/amit_course/masters/drive/sdk_win_64/winavr/bin/../lib/gcc/avr/4.3.3/avr5\libgcc.a(_clz.o)
 *(.gnu.linkonce.wi.*)

.debug_abbrev   0x00000000     0x1170
 *(.debug_abbrev)
 .debug_abbrev  0x00000000       0x5d d:/amit_course/masters/drive/sdk_win_64/winavr/bin/../lib/gcc/avr/4.3.3/avr5\libgcc.a(_fixunssfsi.o)
 .debug_abbrev  0x0000005d      0x1ea d:/amit_course/masters/drive/sdk_win_64/winavr/bin/../lib/gcc/avr/4.3.3/avr5\libgcc.a(_addsub_sf.o)
 .debug_abbrev  0x00000247      0x21b d:/amit_course/masters/drive/sdk_win_64/winavr/bin/../lib/gcc/avr/4.3.3/avr5\libgcc.a(_mul_sf.o)
 .debug_abbrev  0x00000462      0x15a d:/amit_course/masters/drive/sdk_win_64/winavr/bin/../lib/gcc/avr/4.3.3/avr5\libgcc.a(_gt_sf.o)
 .debug_abbrev  0x000005bc      0x15a d:/amit_course/masters/drive/sdk_win_64/winavr/bin/../lib/gcc/avr/4.3.3/avr5\libgcc.a(_ge_sf.o)
 .debug_abbrev  0x00000716      0x15a d:/amit_course/masters/drive/sdk_win_64/winavr/bin/../lib/gcc/avr/4.3.3/avr5\libgcc.a(_lt_sf.o)
 .debug_abbrev  0x00000870      0x17f d:/amit_course/masters/drive/sdk_win_64/winavr/bin/../lib/gcc/avr/4.3.3/avr5\libgcc.a(_sf_to_si.o)
 .debug_abbrev  0x000009ef       0xad d:/amit_course/masters/drive/sdk_win_64/winavr/bin/../lib/gcc/avr/4.3.3/avr5\libgcc.a(_thenan_sf.o)
 .debug_abbrev  0x00000a9c      0x157 d:/amit_course/masters/drive/sdk_win_64/winavr/bin/../lib/gcc/avr/4.3.3/avr5\libgcc.a(_usi_to_sf.o)
 .debug_abbrev  0x00000bf3       0xc4 d:/amit_course/masters/drive/sdk_win_64/winavr/bin/../lib/gcc/avr/4.3.3/avr5\libgcc.a(_clzsi2.o)
 .debug_abbrev  0x00000cb7      0x1c0 d:/amit_course/masters/drive/sdk_win_64/winavr/bin/../lib/gcc/avr/4.3.3/avr5\libgcc.a(_pack_sf.o)
 .debug_abbrev  0x00000e77      0x154 d:/amit_course/masters/drive/sdk_win_64/winavr/bin/../lib/gcc/avr/4.3.3/avr5\libgcc.a(_unpack_sf.o)
 .debug_abbrev  0x00000fcb      0x13b d:/amit_course/masters/drive/sdk_win_64/winavr/bin/../lib/gcc/avr/4.3.3/avr5\libgcc.a(_fpcmp_parts_sf.o)
 .debug_abbrev  0x00001106       0x6a d:/amit_course/masters/drive/sdk_win_64/winavr/bin/../lib/gcc/avr/4.3.3/avr5\libgcc.a(_clz.o)

.debug_line     0x00000000     0x1001
 *(.debug_line)
 .debug_line    0x00000000       0xa7 d:/amit_course/masters/drive/sdk_win_64/winavr/bin/../lib/gcc/avr/4.3.3/avr5\libgcc.a(_fixunssfsi.o)
 .debug_line    0x000000a7      0x2af d:/amit_course/masters/drive/sdk_win_64/winavr/bin/../lib/gcc/avr/4.3.3/avr5\libgcc.a(_addsub_sf.o)
 .debug_line    0x00000356      0x239 d:/amit_course/masters/drive/sdk_win_64/winavr/bin/../lib/gcc/avr/4.3.3/avr5\libgcc.a(_mul_sf.o)
 .debug_line    0x0000058f       0xd3 d:/amit_course/masters/drive/sdk_win_64/winavr/bin/../lib/gcc/avr/4.3.3/avr5\libgcc.a(_gt_sf.o)
 .debug_line    0x00000662       0xd3 d:/amit_course/masters/drive/sdk_win_64/winavr/bin/../lib/gcc/avr/4.3.3/avr5\libgcc.a(_ge_sf.o)
 .debug_line    0x00000735       0xd3 d:/amit_course/masters/drive/sdk_win_64/winavr/bin/../lib/gcc/avr/4.3.3/avr5\libgcc.a(_lt_sf.o)
 .debug_line    0x00000808      0x109 d:/amit_course/masters/drive/sdk_win_64/winavr/bin/../lib/gcc/avr/4.3.3/avr5\libgcc.a(_sf_to_si.o)
 .debug_line    0x00000911       0x90 d:/amit_course/masters/drive/sdk_win_64/winavr/bin/../lib/gcc/avr/4.3.3/avr5\libgcc.a(_thenan_sf.o)
 .debug_line    0x000009a1      0x133 d:/amit_course/masters/drive/sdk_win_64/winavr/bin/../lib/gcc/avr/4.3.3/avr5\libgcc.a(_usi_to_sf.o)
 .debug_line    0x00000ad4       0xa5 d:/amit_course/masters/drive/sdk_win_64/winavr/bin/../lib/gcc/avr/4.3.3/avr5\libgcc.a(_clzsi2.o)
 .debug_line    0x00000b79      0x18a d:/amit_course/masters/drive/sdk_win_64/winavr/bin/../lib/gcc/avr/4.3.3/avr5\libgcc.a(_pack_sf.o)
 .debug_line    0x00000d03      0x14b d:/amit_course/masters/drive/sdk_win_64/winavr/bin/../lib/gcc/avr/4.3.3/avr5\libgcc.a(_unpack_sf.o)
 .debug_line    0x00000e4e      0x137 d:/amit_course/masters/drive/sdk_win_64/winavr/bin/../lib/gcc/avr/4.3.3/avr5\libgcc.a(_fpcmp_parts_sf.o)
 .debug_line    0x00000f85       0x7c d:/amit_course/masters/drive/sdk_win_64/winavr/bin/../lib/gcc/avr/4.3.3/avr5\libgcc.a(_clz.o)

.debug_frame    0x00000000      0x1a0
 *(.debug_frame)
 .debug_frame   0x00000000       0x20 d:/amit_course/masters/drive/sdk_win_64/winavr/bin/../lib/gcc/avr/4.3.3/avr5\libgcc.a(_fixunssfsi.o)
 .debug_frame   0x00000020       0x40 d:/amit_course/masters/drive/sdk_win_64/winavr/bin/../lib/gcc/avr/4.3.3/avr5\libgcc.a(_addsub_sf.o)
 .debug_frame   0x00000060       0x20 d:/amit_course/masters/drive/sdk_win_64/winavr/bin/../lib/gcc/avr/4.3.3/avr5\libgcc.a(_mul_sf.o)
 .debug_frame   0x00000080       0x20 d:/amit_course/masters/drive/sdk_win_64/winavr/bin/../lib/gcc/avr/4.3.3/avr5\libgcc.a(_gt_sf.o)
 .debug_frame   0x000000a0       0x20 d:/amit_course/masters/drive/sdk_win_64/winavr/bin/../lib/gcc/avr/4.3.3/avr5\libgcc.a(_ge_sf.o)
 .debug_frame   0x000000c0       0x20 d:/amit_course/masters/drive/sdk_win_64/winavr/bin/../lib/gcc/avr/4.3.3/avr5\libgcc.a(_lt_sf.o)
 .debug_frame   0x000000e0       0x20 d:/amit_course/masters/drive/sdk_win_64/winavr/bin/../lib/gcc/avr/4.3.3/avr5\libgcc.a(_sf_to_si.o)
 .debug_frame   0x00000100       0x20 d:/amit_course/masters/drive/sdk_win_64/winavr/bin/../lib/gcc/avr/4.3.3/avr5\libgcc.a(_usi_to_sf.o)
 .debug_frame   0x00000120       0x20 d:/amit_course/masters/drive/sdk_win_64/winavr/bin/../lib/gcc/avr/4.3.3/avr5\libgcc.a(_clzsi2.o)
 .debug_frame   0x00000140       0x20 d:/amit_course/masters/drive/sdk_win_64/winavr/bin/../lib/gcc/avr/4.3.3/avr5\libgcc.a(_pack_sf.o)
 .debug_frame   0x00000160       0x20 d:/amit_course/masters/drive/sdk_win_64/winavr/bin/../lib/gcc/avr/4.3.3/avr5\libgcc.a(_unpack_sf.o)
 .debug_frame   0x00000180       0x20 d:/amit_course/masters/drive/sdk_win_64/winavr/bin/../lib/gcc/avr/4.3.3/avr5\libgcc.a(_fpcmp_parts_sf.o)

.debug_str      0x00000000      0x2c1
 *(.debug_str)
 .debug_str     0x00000000       0xbf d:/amit_course/masters/drive/sdk_win_64/winavr/bin/../lib/gcc/avr/4.3.3/avr5\libgcc.a(_fixunssfsi.o)
                                 0xfe (size before relaxing)
 .debug_str     0x000000bf      0x14d d:/amit_course/masters/drive/sdk_win_64/winavr/bin/../lib/gcc/avr/4.3.3/avr5\libgcc.a(_addsub_sf.o)
                                0x206 (size before relaxing)
 .debug_str     0x0000020c       0x27 d:/amit_course/masters/drive/sdk_win_64/winavr/bin/../lib/gcc/avr/4.3.3/avr5\libgcc.a(_mul_sf.o)
                                0x1bf (size before relaxing)
 .debug_str     0x00000233        0x8 d:/amit_course/masters/drive/sdk_win_64/winavr/bin/../lib/gcc/avr/4.3.3/avr5\libgcc.a(_gt_sf.o)
                                0x195 (size before relaxing)
 .debug_str     0x0000023b        0x8 d:/amit_course/masters/drive/sdk_win_64/winavr/bin/../lib/gcc/avr/4.3.3/avr5\libgcc.a(_ge_sf.o)
                                0x195 (size before relaxing)
 .debug_str     0x00000243        0x8 d:/amit_course/masters/drive/sdk_win_64/winavr/bin/../lib/gcc/avr/4.3.3/avr5\libgcc.a(_lt_sf.o)
                                0x195 (size before relaxing)
 .debug_str     0x0000024b        0xa d:/amit_course/masters/drive/sdk_win_64/winavr/bin/../lib/gcc/avr/4.3.3/avr5\libgcc.a(_sf_to_si.o)
                                0x19e (size before relaxing)
 .debug_str     0x00000000      0x103 d:/amit_course/masters/drive/sdk_win_64/winavr/bin/../lib/gcc/avr/4.3.3/avr5\libgcc.a(_thenan_sf.o)
 .debug_str     0x00000255       0x21 d:/amit_course/masters/drive/sdk_win_64/winavr/bin/../lib/gcc/avr/4.3.3/avr5\libgcc.a(_usi_to_sf.o)
                                0x177 (size before relaxing)
 .debug_str     0x00000276       0x20 d:/amit_course/masters/drive/sdk_win_64/winavr/bin/../lib/gcc/avr/4.3.3/avr5\libgcc.a(_clzsi2.o)
                                0x111 (size before relaxing)
 .debug_str     0x00000296       0x10 d:/amit_course/masters/drive/sdk_win_64/winavr/bin/../lib/gcc/avr/4.3.3/avr5\libgcc.a(_pack_sf.o)
                                0x19d (size before relaxing)
 .debug_str     0x000002a6        0xb d:/amit_course/masters/drive/sdk_win_64/winavr/bin/../lib/gcc/avr/4.3.3/avr5\libgcc.a(_unpack_sf.o)
                                0x17f (size before relaxing)
 .debug_str     0x000002b1       0x10 d:/amit_course/masters/drive/sdk_win_64/winavr/bin/../lib/gcc/avr/4.3.3/avr5\libgcc.a(_fpcmp_parts_sf.o)
                                0x163 (size before relaxing)
 .debug_str     0x00000000       0xf4 d:/amit_course/masters/drive/sdk_win_64/winavr/bin/../lib/gcc/avr/4.3.3/avr5\libgcc.a(_clz.o)

.debug_loc      0x00000000      0x8ae
 *(.debug_loc)
 .debug_loc     0x00000000       0x34 d:/amit_course/masters/drive/sdk_win_64/winavr/bin/../lib/gcc/avr/4.3.3/avr5\libgcc.a(_fixunssfsi.o)
 .debug_loc     0x00000034      0x32a d:/amit_course/masters/drive/sdk_win_64/winavr/bin/../lib/gcc/avr/4.3.3/avr5\libgcc.a(_addsub_sf.o)
 .debug_loc     0x0000035e      0x104 d:/amit_course/masters/drive/sdk_win_64/winavr/bin/../lib/gcc/avr/4.3.3/avr5\libgcc.a(_mul_sf.o)
 .debug_loc     0x00000462       0x3c d:/amit_course/masters/drive/sdk_win_64/winavr/bin/../lib/gcc/avr/4.3.3/avr5\libgcc.a(_gt_sf.o)
 .debug_loc     0x0000049e       0x3c d:/amit_course/masters/drive/sdk_win_64/winavr/bin/../lib/gcc/avr/4.3.3/avr5\libgcc.a(_ge_sf.o)
 .debug_loc     0x000004da       0x3c d:/amit_course/masters/drive/sdk_win_64/winavr/bin/../lib/gcc/avr/4.3.3/avr5\libgcc.a(_lt_sf.o)
 .debug_loc     0x00000516       0x7e d:/amit_course/masters/drive/sdk_win_64/winavr/bin/../lib/gcc/avr/4.3.3/avr5\libgcc.a(_sf_to_si.o)
 .debug_loc     0x00000594       0x4c d:/amit_course/masters/drive/sdk_win_64/winavr/bin/../lib/gcc/avr/4.3.3/avr5\libgcc.a(_usi_to_sf.o)
 .debug_loc     0x000005e0       0x94 d:/amit_course/masters/drive/sdk_win_64/winavr/bin/../lib/gcc/avr/4.3.3/avr5\libgcc.a(_clzsi2.o)
 .debug_loc     0x00000674      0x13e d:/amit_course/masters/drive/sdk_win_64/winavr/bin/../lib/gcc/avr/4.3.3/avr5\libgcc.a(_pack_sf.o)
 .debug_loc     0x000007b2       0xac d:/amit_course/masters/drive/sdk_win_64/winavr/bin/../lib/gcc/avr/4.3.3/avr5\libgcc.a(_unpack_sf.o)
 .debug_loc     0x0000085e       0x50 d:/amit_course/masters/drive/sdk_win_64/winavr/bin/../lib/gcc/avr/4.3.3/avr5\libgcc.a(_fpcmp_parts_sf.o)

.debug_macinfo
 *(.debug_macinfo)
OUTPUT(ATmega32_Maddi_503.elf elf32-avr)
LOAD linker stubs

.debug_ranges   0x00000000       0x50
 .debug_ranges  0x00000000       0x50 d:/amit_course/masters/drive/sdk_win_64/winavr/bin/../lib/gcc/avr/4.3.3/avr5\libgcc.a(_mul_sf.o)
